// Jest Snapshot v1, https://goo.gl/fbAQLP

exports[`loginModule snapShootTest 1`] = `
<div>
  登录
</div>
`;
